// Jest Snapshot v1, https://goo.gl/fbAQLP

exports[`Nav component matches snapshot 1`] = `
<DocumentFragment>
  <header
    class="flex-row px-1"
  >
    <h2>
      <a
        data-testid="link"
        href="/"
      >
        <span
          aria-label="myname"
          role="button"
        >
          Mackenzie Giesler-Abe
        </span>
      </a>
    </h2>
    <nav>
      <ul
        class="flex-row"
      >
        <li
          class="mx-2"
        >
          <a
            data-testid="about"
            href="#about"
          >
             About 
          </a>
        </li>
        <li
          class="mx-2 undefined"
        >
          <span>
            Contact
          </span>
        </li>
        <li
          class="mx-2"
        >
          <a
            data-testid="portfolio"
            href="#portfolio"
          >
             Portfolio 
          </a>
        </li>
        <li
          class="mx-2"
        >
          <a
            data-testid="resume"
            href="#resume"
          >
             Resume 
          </a>
        </li>
      </ul>
    </nav>
  </header>
</DocumentFragment>
`;
